  adb: C:\Users\HASAN\AppData\Local\Android\Sdk\platform-tools\adb.exe
  Using the emulator already running: emulator-5554
  Free space on the emulator: 3790 MB
  Checking the emulator can reach Supabase...

  ============================================================
   device   emulator-5554
   mode     --debug
   project  https://wvryyidbjvvomurvfhpw.supabase.co
   dev user admin@adayl.test
  ============================================================

   On the sign-in screen use the SECOND button - the outlined one below
   "Sign in with Google" - for the dev account. The Google button needs
   GOOGLE_SERVER_CLIENT_ID set at the top of this script AND the provider
   enabled in the Supabase dashboard. See docs/GOOGLE_SIGNIN.md.

   In the console below: r = hot reload, R = hot restart, q = quit.

Resolving dependencies...
Downloading packages...
  app_links 7.0.0 (7.2.1 available)
  app_links_platform_interface 2.0.2 (2.0.4 available)
  flutter_riverpod 2.6.1 (3.4.2 available)
  go_router 17.4.0 (17.5.0 available)
  google_sign_in_android 7.2.11 (7.2.16 available)
  hooks 2.0.2 (2.1.0 available)
  intl 0.20.2 (0.20.3 available)
  matcher 0.12.19 (0.12.20 available)
  material_color_utilities 0.13.0 (0.13.1 available)
  meta 1.17.0 (1.19.0 available)
  package_config 2.2.0 (3.0.0 available)
  record_use 0.6.0 (1.1.0 available)
  riverpod 2.6.1 (3.4.2 available)
  shared_preferences_android 2.4.23 (2.4.27 available)
  test_api 0.7.10 (0.7.13 available)
  url_launcher_android 6.3.30 (6.3.32 available)
  vector_math 2.2.0 (2.4.2 available)
Got dependencies!
17 packages have newer versions incompatible with dependency constraints.
Try `flutter pub outdated` for more information.
Launching lib\main.dart on sdk gphone64 x86 64 in debug mode...
Running Gradle task 'assembleDebug'...                             29.6s
√ Built build\app\outputs\flutter-apk\app-debug.apk
Installing build\app\outputs\flutter-apk\app-debug.apk...        2,232ms
D/FlutterJNI(10122): Beginning load of flutter...
D/FlutterJNI(10122): flutter (null) was loaded normally!
I/flutter (10122): [IMPORTANT:flutter/shell/platform/android/android_context_gl_impeller.cc(104)] Using the Impeller rendering backend (OpenGLES).
D/FlutterRenderer(10122): Width is zero. 0,0
Syncing files to device sdk gphone64 x86 64...                     151ms

Flutter run key commands.
r Hot reload. 
R Hot restart.
h List all available interactive commands.
d Detach (terminate "flutter run" but leave application running).
c Clear the screen
q Quit (terminate the application on the device).

A Dart VM Service on sdk gphone64 x86 64 is available at: http://127.0.0.1:65213/cph-5kWjxQA=/
The Flutter DevTools debugger and profiler on sdk gphone64 x86 64 is available at: http://127.0.0.1:65213/cph-5kWjxQA=/devtools/?uri=ws://127.0.0.1:65213/cph-5kWjxQA=/ws
I/Choreographer(10122): Skipped 34 frames!  The application may be doing too much work on its main thread.
I/dayl.family_app(10122): Compiler allocated 5042KB to compile void android.view.ViewRootImpl.performTraversals()
I/WindowExtensionsImpl(10122): Initializing Window Extensions, vendor API level=9, activity embedding enabled=true
D/FlutterRenderer(10122): Width is zero. 0,0
D/FlutterJNI(10122): Sending viewport metrics to the engine.
I/Choreographer(10122): Skipped 34 frames!  The application may be doing too much work on its main thread.
D/WindowLayoutComponentImpl(10122): Register WindowLayoutInfoListener on Context=ly.adayl.family_app.MainActivity@5583906, of which baseContext=android.app.ContextImpl@4217219
D/FlutterJNI(10122): Sending viewport metrics to the engine.
I/flutter (10122): supabase.supabase_flutter: INFO: ***** Supabase init completed ***** 
I/Choreographer(10122): Skipped 59 frames!  The application may be doing too much work on its main thread.
D/FlutterJNI(10122): Sending viewport metrics to the engine.
D/InsetsController(10122): hide(ime(), fromIme=false)
I/ImeTracker(10122): ly.adayl.family_app:4a2df055: onCancelled at PHASE_CLIENT_ALREADY_HIDDEN
D/ProfileInstaller(10122): Installing profile for ly.adayl.family_app
W/WindowOnBackDispatcher(10122): sendCancelIfRunning: isInProgress=false callback=io.flutter.embedding.android.FlutterActivity$1@3d2e553
W/WindowOnBackDispatcher(10122): sendCancelIfRunning: isInProgress=false callback=io.flutter.embedding.android.FlutterActivity$1@3d2e553
I/dayl.family_app(10122): AssetManager2(0x799a9ccccf38) locale list changing from [] to [en-US]
W/WindowOnBackDispatcher(10122): sendCancelIfRunning: isInProgress=false callback=io.flutter.embedding.android.FlutterActivity$1@3d2e553
I/ImeTracker(10122): ly.adayl.family_app:969b375d: onRequestShow at ORIGIN_CLIENT reason SHOW_SOFT_INPUT fromUser false
D/InsetsController(10122): show(ime(), fromIme=false)
D/InsetsController(10122): Setting requestedVisibleTypes to -1 (was -9)
D/InputConnectionAdaptor(10122): The input method toggled cursor monitoring on
W/InteractionJankMonitor(10122): Initializing without READ_DEVICE_CONFIG permission. enabled=false, interval=1, missedFrameThreshold=3, frameTimeThreshold=64, package=ly.adayl.family_app
D/FlutterJNI(10122): Sending viewport metrics to the engine.
D/FlutterJNI(10122): Sending viewport metrics to the engine.
D/FlutterJNI(10122): Sending viewport metrics to the engine.
D/FlutterJNI(10122): Sending viewport metrics to the engine.
D/FlutterJNI(10122): Sending viewport metrics to the engine.
I/ImeTracker(10122): ly.adayl.family_app:969b375d: onShown
D/FlutterJNI(10122): Sending viewport metrics to the engine.
D/FlutterJNI(10122): Sending viewport metrics to the engine.
I/ImeTracker(10122): ly.adayl.family_app:71c17f60: onRequestShow at ORIGIN_CLIENT reason SHOW_SOFT_INPUT fromUser false
D/InsetsController(10122): show(ime(), fromIme=false)
I/ImeTracker(10122): ly.adayl.family_app:71c17f60: onCancelled at PHASE_CLIENT_APPLY_ANIMATION
I/ImeTracker(10122): ly.adayl.family_app:6e03e1bd: onRequestShow at ORIGIN_CLIENT reason SHOW_SOFT_INPUT fromUser false
D/InsetsController(10122): show(ime(), fromIme=false)
I/ImeTracker(10122): ly.adayl.family_app:6e03e1bd: onCancelled at PHASE_CLIENT_APPLY_ANIMATION
D/InputConnectionAdaptor(10122): The input method toggled cursor monitoring on
I/ImeTracker(10122): ly.adayl.family_app:498edb2d: onRequestHide at ORIGIN_CLIENT reason HIDE_SOFT_INPUT fromUser false
D/InsetsController(10122): hide(ime(), fromIme=false)
W/WindowOnBackDispatcher(10122): sendCancelIfRunning: isInProgress=false callback=android.view.ImeBackAnimationController@96df0f9
D/InsetsController(10122): Setting requestedVisibleTypes to -9 (was -1)
D/CompatChangeReporter(10122): Compat change id reported: 395521150; UID 10217; state: ENABLED
D/FlutterJNI(10122): Sending viewport metrics to the engine.
D/FlutterJNI(10122): Sending viewport metrics to the engine.
W/AccessibilityBridge(10122): Using AnnounceSemanticsEvent for accessibility is deprecated on Android. Migrate to using semantic properties for a more robust and accessible user experience.
W/AccessibilityBridge(10122): Flutter: If you are unsure why you are seeing this bug, it might be because you are using a widget that calls this method. See https://github.com/flutter/flutter/issues/165510 for more details.
W/AccessibilityBridge(10122): Android documentation: https://developer.android.com/reference/android/view/View#announceForAccessibility(java.lang.CharSequence)
D/FlutterJNI(10122): Sending viewport metrics to the engine.
D/FlutterJNI(10122): Sending viewport metrics to the engine.
D/FlutterJNI(10122): Sending viewport metrics to the engine.
D/FlutterJNI(10122): Sending viewport metrics to the engine.
D/FlutterJNI(10122): Sending viewport metrics to the engine.
D/FlutterJNI(10122): Sending viewport metrics to the engine.
D/FlutterJNI(10122): Sending viewport metrics to the engine.
D/FlutterJNI(10122): Sending viewport metrics to the engine.
I/ImeTracker(10122): system_server:7a1b6400: onCancelled at PHASE_CLIENT_ON_CONTROLS_CHANGED
W/AccessibilityBridge(10122): Using AnnounceSemanticsEvent for accessibility is deprecated on Android. Migrate to using semantic properties for a more robust and accessible user experience.
W/AccessibilityBridge(10122): Flutter: If you are unsure why you are seeing this bug, it might be because you are using a widget that calls this method. See https://github.com/flutter/flutter/issues/165510 for more details.
W/AccessibilityBridge(10122): Android documentation: https://developer.android.com/reference/android/view/View#announceForAccessibility(java.lang.CharSequence)
W/AccessibilityBridge(10122): Using AnnounceSemanticsEvent for accessibility is deprecated on Android. Migrate to using semantic properties for a more robust and accessible user experience.
W/AccessibilityBridge(10122): Flutter: If you are unsure why you are seeing this bug, it might be because you are using a widget that calls this method. See https://github.com/flutter/flutter/issues/165510 for more details.
W/AccessibilityBridge(10122): Android documentation: https://developer.android.com/reference/android/view/View#announceForAccessibility(java.lang.CharSequence)
W/AccessibilityBridge(10122): Using AnnounceSemanticsEvent for accessibility is deprecated on Android. Migrate to using semantic properties for a more robust and accessible user experience.
W/AccessibilityBridge(10122): Flutter: If you are unsure why you are seeing this bug, it might be because you are using a widget that calls this method. See https://github.com/flutter/flutter/issues/165510 for more details.
W/AccessibilityBridge(10122): Android documentation: https://developer.android.com/reference/android/view/View#announceForAccessibility(java.lang.CharSequence)
W/AccessibilityBridge(10122): Using AnnounceSemanticsEvent for accessibility is deprecated on Android. Migrate to using semantic properties for a more robust and accessible user experience.
W/AccessibilityBridge(10122): Flutter: If you are unsure why you are seeing this bug, it might be because you are using a widget that calls this method. See https://github.com/flutter/flutter/issues/165510 for more details.
W/AccessibilityBridge(10122): Android documentation: https://developer.android.com/reference/android/view/View#announceForAccessibility(java.lang.CharSequence)
W/AccessibilityBridge(10122): Using AnnounceSemanticsEvent for accessibility is deprecated on Android. Migrate to using semantic properties for a more robust and accessible user experience.
W/AccessibilityBridge(10122): Flutter: If you are unsure why you are seeing this bug, it might be because you are using a widget that calls this method. See https://github.com/flutter/flutter/issues/165510 for more details.
W/AccessibilityBridge(10122): Android documentation: https://developer.android.com/reference/android/view/View#announceForAccessibility(java.lang.CharSequence)
W/AccessibilityBridge(10122): Using AnnounceSemanticsEvent for accessibility is deprecated on Android. Migrate to using semantic properties for a more robust and accessible user experience.
W/AccessibilityBridge(10122): Flutter: If you are unsure why you are seeing this bug, it might be because you are using a widget that calls this method. See https://github.com/flutter/flutter/issues/165510 for more details.
W/AccessibilityBridge(10122): Android documentation: https://developer.android.com/reference/android/view/View#announceForAccessibility(java.lang.CharSequence)
W/AccessibilityBridge(10122): Using AnnounceSemanticsEvent for accessibility is deprecated on Android. Migrate to using semantic properties for a more robust and accessible user experience.
W/AccessibilityBridge(10122): Flutter: If you are unsure why you are seeing this bug, it might be because you are using a widget that calls this method. See https://github.com/flutter/flutter/issues/165510 for more details.
W/AccessibilityBridge(10122): Android documentation: https://developer.android.com/reference/android/view/View#announceForAccessibility(java.lang.CharSequence)
W/AccessibilityBridge(10122): Using AnnounceSemanticsEvent for accessibility is deprecated on Android. Migrate to using semantic properties for a more robust and accessible user experience.
W/AccessibilityBridge(10122): Flutter: If you are unsure why you are seeing this bug, it might be because you are using a widget that calls this method. See https://github.com/flutter/flutter/issues/165510 for more details.
W/AccessibilityBridge(10122): Android documentation: https://developer.android.com/reference/android/view/View#announceForAccessibility(java.lang.CharSequence)
Lost connection to device.
